Archive member included to satisfy reference by file (symbol)

libdemocore.a(math_utils.o)   app.o (math_project)
libdemocore.a(store_reader.o)
                              app.o (store_open)

Merging object attributes


There are no discarded input sections

Memory Configuration

Name             Origin             Length             Attributes
FLASH            0x08000000         0x00080000         xr
RAM              0x20000000         0x00020000         xrw
*default*        0x00000000         0xffffffff

Linker script and memory map


.text           0x08000000      0xc1a
 *(.text.vectors)
 .text.vectors  0x08000000       0x80 startup.o
                0x08000000                vector_table
 *(.text*)
 .text          0x08000080        0x0 startup.o
 .text.reset    0x08000080        0xa startup.o
                0x08000080                Reset_Handler
 .text          0x0800008a        0x0 app.o
 .text.app_init
                0x0800008a       0xd2 app.o
                0x0800008a                app_init
 .text          0x0800015c        0x0 engine.o
 .text.engine_load
                0x0800015c      0x38a engine.o
                0x0800015c                engine_load
 .text          0x080004e6        0x0 libdemocore.a(math_utils.o)
 .text.math_project
                0x080004e6      0x156 libdemocore.a(math_utils.o)
                0x080004e6                math_project
 .text          0x0800063c        0x0 libdemocore.a(store_reader.o)
 .text.store_open
                0x0800063c      0x5de libdemocore.a(store_reader.o)
                0x0800063c                store_open

.glue_7         0x08000c1c        0x0
 .glue_7        0x08000c1c        0x0 linker stubs

.glue_7t        0x08000c1c        0x0
 .glue_7t       0x08000c1c        0x0 linker stubs

.vfp11_veneer   0x08000c1c        0x0
 .vfp11_veneer  0x08000c1c        0x0 linker stubs

.v4_bx          0x08000c1c        0x0
 .v4_bx         0x08000c1c        0x0 linker stubs

.iplt           0x08000c1c        0x0
 .iplt          0x08000c1c        0x0 startup.o

.rodata         0x08000c1a      0x271
 *(.rodata*)
 .rodata.app_banner
                0x08000c1a       0x71 app.o
                0x08000c1a                app_banner
 .rodata.math_table
                0x08000c8b      0x200 libdemocore.a(math_utils.o)
                0x08000c8b                math_table

.rel.dyn        0x08000e8c        0x0
 .rel.iplt      0x08000e8c        0x0 startup.o

.data           0x20000000        0x4 load address 0x08000e8b
 *(.data*)
 .data          0x20000000        0x0 startup.o
 .data          0x20000000        0x0 app.o
 .data          0x20000000        0x0 engine.o
 .data.cache_size
                0x20000000        0x4 engine.o
                0x20000000                cache_size
 .data          0x20000004        0x0 libdemocore.a(math_utils.o)
 .data          0x20000004        0x0 libdemocore.a(store_reader.o)

.igot.plt       0x20000004        0x0 load address 0x08000e8f
 .igot.plt      0x20000004        0x0 startup.o

.bss            0x20000004     0x4800 load address 0x08000e8f
 *(.bss*)
 .bss           0x20000004        0x0 startup.o
 .bss           0x20000004        0x0 app.o
 .bss.app_state
                0x20000004      0x800 app.o
                0x20000004                app_state
 .bss           0x20000804        0x0 engine.o
 .bss           0x20000804        0x0 libdemocore.a(math_utils.o)
 .bss           0x20000804        0x0 libdemocore.a(store_reader.o)
 .bss.store_buffer
                0x20000804     0x4000 libdemocore.a(store_reader.o)
                0x20000804                store_buffer
LOAD startup.o
LOAD app.o
LOAD engine.o
LOAD libdemocore.a
OUTPUT(democore.elf elf32-littlearm)
LOAD linker stubs

.ARM.attributes
                0x00000000       0x25
 .ARM.attributes
                0x00000000       0x25 startup.o
 .ARM.attributes
                0x00000025       0x25 app.o
 .ARM.attributes
                0x0000004a       0x25 engine.o
 .ARM.attributes
                0x0000006f       0x25 libdemocore.a(math_utils.o)
 .ARM.attributes
                0x00000094       0x25 libdemocore.a(store_reader.o)
